DOCK 1 /100 diazepam alpha1 2026091902 success 9
DOCK 2 /100 diazepam alpha1 2026091903 success 9
DOCK 3 /100 diazepam alpha1 2026091901 success 9
DOCK 4 /100 diazepam alpha1 2026091904 success 9
DOCK 5 /100 diazepam alpha1 2026091905 success 9
DOCK 6 /100 diazepam alpha2 2026091902 success 9
DOCK 7 /100 diazepam alpha2 2026091901 success 9
DOCK 8 /100 diazepam alpha2 2026091903 success 9
DOCK 9 /100 diazepam alpha2 2026091904 success 9
DOCK 10 /100 diazepam alpha2 2026091905 success 9
DOCK 11 /100 alprazolam alpha1 2026091902 success 7
DOCK 12 /100 alprazolam alpha1 2026091901 success 8
DOCK 13 /100 alprazolam alpha1 2026091903 success 7
DOCK 14 /100 alprazolam alpha1 2026091904 success 7
DOCK 15 /100 alprazolam alpha1 2026091905 success 6
DOCK 16 /100 alprazolam alpha2 2026091901 success 9
DOCK 17 /100 alprazolam alpha2 2026091902 success 9
DOCK 18 /100 alprazolam alpha2 2026091903 success 9
DOCK 19 /100 alprazolam alpha2 2026091904 success 9
DOCK 20 /100 alprazolam alpha2 2026091905 success 9
DOCK 21 /100 triazolam alpha1 2026091901 success 9
DOCK 22 /100 triazolam alpha1 2026091902 success 8
DOCK 23 /100 triazolam alpha1 2026091903 success 8
DOCK 24 /100 triazolam alpha1 2026091904 success 9
DOCK 25 /100 triazolam alpha1 2026091905 success 6
DOCK 26 /100 triazolam alpha2 2026091901 success 9
DOCK 27 /100 triazolam alpha2 2026091902 success 9
DOCK 28 /100 triazolam alpha2 2026091903 success 9
DOCK 29 /100 triazolam alpha2 2026091904 success 9
DOCK 30 /100 triazolam alpha2 2026091905 success 9
DOCK 31 /100 zolpidem alpha1 2026091901 success 9
DOCK 32 /100 zolpidem alpha1 2026091902 success 9
DOCK 33 /100 zolpidem alpha1 2026091903 success 9
DOCK 34 /100 zolpidem alpha1 2026091904 success 9
DOCK 35 /100 zolpidem alpha1 2026091905 success 9
DOCK 36 /100 zolpidem alpha2 2026091901 success 9
DOCK 37 /100 zolpidem alpha2 2026091902 success 9
DOCK 38 /100 zolpidem alpha2 2026091903 success 9
DOCK 39 /100 zolpidem alpha2 2026091904 success 9
DOCK 40 /100 zolpidem alpha2 2026091905 success 9
DOCK 41 /100 lorazepam alpha1 2026091901 success 9
DOCK 42 /100 lorazepam alpha1 2026091902 success 9
DOCK 43 /100 lorazepam alpha1 2026091903 success 9
DOCK 44 /100 lorazepam alpha1 2026091904 success 9
DOCK 45 /100 lorazepam alpha1 2026091905 success 9
DOCK 46 /100 lorazepam alpha2 2026091901 success 9
DOCK 47 /100 lorazepam alpha2 2026091902 success 9
DOCK 48 /100 lorazepam alpha2 2026091903 success 9
DOCK 49 /100 lorazepam alpha2 2026091904 success 9
DOCK 50 /100 lorazepam alpha2 2026091905 success 9
DOCK 51 /100 clonazepam alpha1 2026091901 success 9
DOCK 52 /100 clonazepam alpha1 2026091902 success 9
DOCK 53 /100 clonazepam alpha1 2026091903 success 9
DOCK 54 /100 clonazepam alpha1 2026091904 success 9
DOCK 55 /100 clonazepam alpha1 2026091905 success 9
DOCK 56 /100 clonazepam alpha2 2026091901 success 9
DOCK 57 /100 clonazepam alpha2 2026091902 success 9
DOCK 58 /100 clonazepam alpha2 2026091903 success 9
DOCK 59 /100 clonazepam alpha2 2026091904 success 9
DOCK 60 /100 midazolam alpha1 2026091901 success 7
DOCK 61 /100 midazolam alpha1 2026091902 success 9
DOCK 62 /100 clonazepam alpha2 2026091905 success 9
DOCK 63 /100 midazolam alpha1 2026091903 success 9
DOCK 64 /100 midazolam alpha1 2026091904 success 9
DOCK 65 /100 midazolam alpha1 2026091905 success 9
DOCK 66 /100 midazolam alpha2 2026091901 success 9
DOCK 67 /100 midazolam alpha2 2026091902 success 9
DOCK 68 /100 midazolam alpha2 2026091903 success 9
DOCK 69 /100 midazolam alpha2 2026091904 success 9
DOCK 70 /100 midazolam alpha2 2026091905 success 9
DOCK 71 /100 temazepam alpha1 2026091901 success 9
DOCK 72 /100 temazepam alpha1 2026091902 success 9
DOCK 73 /100 temazepam alpha1 2026091903 success 9
DOCK 74 /100 temazepam alpha1 2026091904 success 9
DOCK 75 /100 temazepam alpha1 2026091905 success 9
DOCK 76 /100 temazepam alpha2 2026091901 success 9
DOCK 77 /100 temazepam alpha2 2026091902 success 9
DOCK 78 /100 temazepam alpha2 2026091903 success 9
DOCK 79 /100 temazepam alpha2 2026091904 success 9
DOCK 80 /100 temazepam alpha2 2026091905 success 9
DOCK 81 /100 zopiclone alpha1 2026091901 success 9
DOCK 82 /100 zopiclone alpha1 2026091902 success 9
DOCK 83 /100 zopiclone alpha1 2026091903 success 9
DOCK 84 /100 zopiclone alpha1 2026091904 success 9
DOCK 85 /100 zopiclone alpha1 2026091905 success 9
DOCK 86 /100 zopiclone alpha2 2026091901 success 9
DOCK 87 /100 zopiclone alpha2 2026091902 success 9
DOCK 88 /100 zopiclone alpha2 2026091903 success 9
DOCK 89 /100 zaleplon alpha1 2026091901 success 9
DOCK 90 /100 zopiclone alpha2 2026091904 success 9
DOCK 91 /100 zaleplon alpha1 2026091902 success 9
DOCK 92 /100 zopiclone alpha2 2026091905 success 9
DOCK 93 /100 zaleplon alpha1 2026091903 success 9
DOCK 94 /100 zaleplon alpha1 2026091904 success 9
DOCK 95 /100 zaleplon alpha1 2026091905 success 9
DOCK 96 /100 zaleplon alpha2 2026091901 success 9
DOCK 97 /100 zaleplon alpha2 2026091902 success 9
DOCK 98 /100 zaleplon alpha2 2026091903 success 9
DOCK 99 /100 zaleplon alpha2 2026091904 success 9
DOCK 100 /100 zaleplon alpha2 2026091905 success 9
