PLIP_JOB 1 /100 ('diazepam', 'alpha1', 2026091901)
PLIP_JOB 2 /100 ('diazepam', 'alpha1', 2026091904)
PLIP_JOB 3 /100 ('diazepam', 'alpha1', 2026091903)
PLIP_JOB 4 /100 ('diazepam', 'alpha1', 2026091902)
PLIP_JOB 5 /100 ('diazepam', 'alpha1', 2026091905)
PLIP_JOB 6 /100 ('diazepam', 'alpha2', 2026091901)
PLIP_JOB 7 /100 ('diazepam', 'alpha2', 2026091902)
PLIP_JOB 8 /100 ('diazepam', 'alpha2', 2026091903)
PLIP_JOB 9 /100 ('diazepam', 'alpha2', 2026091904)
PLIP_JOB 10 /100 ('diazepam', 'alpha2', 2026091905)
PLIP_JOB 11 /100 ('alprazolam', 'alpha1', 2026091902)
PLIP_JOB 12 /100 ('alprazolam', 'alpha1', 2026091901)
PLIP_JOB 13 /100 ('alprazolam', 'alpha1', 2026091903)
PLIP_JOB 14 /100 ('alprazolam', 'alpha1', 2026091904)
PLIP_JOB 15 /100 ('alprazolam', 'alpha2', 2026091901)
PLIP_JOB 16 /100 ('alprazolam', 'alpha1', 2026091905)
PLIP_JOB 17 /100 ('alprazolam', 'alpha2', 2026091902)
PLIP_JOB 18 /100 ('alprazolam', 'alpha2', 2026091903)
PLIP_JOB 19 /100 ('alprazolam', 'alpha2', 2026091904)
PLIP_JOB 20 /100 ('alprazolam', 'alpha2', 2026091905)
PLIP_JOB 21 /100 ('triazolam', 'alpha1', 2026091901)
PLIP_JOB 22 /100 ('triazolam', 'alpha1', 2026091902)
PLIP_JOB 23 /100 ('triazolam', 'alpha1', 2026091903)
PLIP_JOB 24 /100 ('triazolam', 'alpha1', 2026091904)
PLIP_JOB 25 /100 ('triazolam', 'alpha1', 2026091905)
PLIP_JOB 26 /100 ('triazolam', 'alpha2', 2026091901)
PLIP_JOB 27 /100 ('triazolam', 'alpha2', 2026091902)
PLIP_JOB 28 /100 ('triazolam', 'alpha2', 2026091903)
PLIP_JOB 29 /100 ('triazolam', 'alpha2', 2026091904)
PLIP_JOB 30 /100 ('triazolam', 'alpha2', 2026091905)
PLIP_JOB 31 /100 ('zolpidem', 'alpha1', 2026091901)
PLIP_JOB 32 /100 ('zolpidem', 'alpha1', 2026091902)
PLIP_JOB 33 /100 ('zolpidem', 'alpha1', 2026091903)
PLIP_JOB 34 /100 ('zolpidem', 'alpha1', 2026091904)
PLIP_JOB 35 /100 ('zolpidem', 'alpha2', 2026091901)
PLIP_JOB 36 /100 ('zolpidem', 'alpha1', 2026091905)
PLIP_JOB 37 /100 ('zolpidem', 'alpha2', 2026091902)
PLIP_JOB 38 /100 ('zolpidem', 'alpha2', 2026091903)
PLIP_JOB 39 /100 ('zolpidem', 'alpha2', 2026091904)
PLIP_JOB 40 /100 ('zolpidem', 'alpha2', 2026091905)
PLIP_JOB 41 /100 ('lorazepam', 'alpha1', 2026091901)
PLIP_JOB 42 /100 ('lorazepam', 'alpha1', 2026091902)
PLIP_JOB 43 /100 ('lorazepam', 'alpha1', 2026091903)
PLIP_JOB 44 /100 ('lorazepam', 'alpha1', 2026091904)
PLIP_JOB 45 /100 ('lorazepam', 'alpha2', 2026091901)
PLIP_JOB 46 /100 ('lorazepam', 'alpha2', 2026091902)
PLIP_JOB 47 /100 ('lorazepam', 'alpha1', 2026091905)
PLIP_JOB 48 /100 ('lorazepam', 'alpha2', 2026091903)
PLIP_JOB 49 /100 ('lorazepam', 'alpha2', 2026091904)
PLIP_JOB 50 /100 ('lorazepam', 'alpha2', 2026091905)
PLIP_JOB 51 /100 ('clonazepam', 'alpha1', 2026091901)
PLIP_JOB 52 /100 ('clonazepam', 'alpha1', 2026091902)
PLIP_JOB 53 /100 ('clonazepam', 'alpha1', 2026091903)
PLIP_JOB 54 /100 ('clonazepam', 'alpha1', 2026091904)
PLIP_JOB 55 /100 ('clonazepam', 'alpha2', 2026091901)
PLIP_JOB 56 /100 ('clonazepam', 'alpha2', 2026091902)
PLIP_JOB 57 /100 ('clonazepam', 'alpha1', 2026091905)
PLIP_JOB 58 /100 ('clonazepam', 'alpha2', 2026091903)
PLIP_JOB 59 /100 ('clonazepam', 'alpha2', 2026091904)
PLIP_JOB 60 /100 ('clonazepam', 'alpha2', 2026091905)
PLIP_JOB 61 /100 ('midazolam', 'alpha1', 2026091901)
PLIP_JOB 62 /100 ('midazolam', 'alpha1', 2026091902)
PLIP_JOB 63 /100 ('midazolam', 'alpha1', 2026091903)
PLIP_JOB 64 /100 ('midazolam', 'alpha1', 2026091904)
PLIP_JOB 65 /100 ('midazolam', 'alpha2', 2026091901)
PLIP_JOB 66 /100 ('midazolam', 'alpha1', 2026091905)
PLIP_JOB 67 /100 ('midazolam', 'alpha2', 2026091902)
PLIP_JOB 68 /100 ('midazolam', 'alpha2', 2026091903)
PLIP_JOB 69 /100 ('midazolam', 'alpha2', 2026091904)
PLIP_JOB 70 /100 ('midazolam', 'alpha2', 2026091905)
PLIP_JOB 71 /100 ('temazepam', 'alpha1', 2026091901)
PLIP_JOB 72 /100 ('temazepam', 'alpha1', 2026091902)
PLIP_JOB 73 /100 ('temazepam', 'alpha1', 2026091903)
PLIP_JOB 74 /100 ('temazepam', 'alpha1', 2026091904)
PLIP_JOB 75 /100 ('temazepam', 'alpha2', 2026091901)
PLIP_JOB 76 /100 ('temazepam', 'alpha2', 2026091902)
PLIP_JOB 77 /100 ('temazepam', 'alpha1', 2026091905)
PLIP_JOB 78 /100 ('temazepam', 'alpha2', 2026091903)
PLIP_JOB 79 /100 ('temazepam', 'alpha2', 2026091904)
PLIP_JOB 80 /100 ('temazepam', 'alpha2', 2026091905)
PLIP_JOB 81 /100 ('zopiclone', 'alpha1', 2026091901)
PLIP_JOB 82 /100 ('zopiclone', 'alpha1', 2026091902)
PLIP_JOB 83 /100 ('zopiclone', 'alpha1', 2026091903)
PLIP_JOB 84 /100 ('zopiclone', 'alpha1', 2026091904)
PLIP_JOB 85 /100 ('zopiclone', 'alpha2', 2026091901)
PLIP_JOB 86 /100 ('zopiclone', 'alpha2', 2026091902)
PLIP_JOB 87 /100 ('zopiclone', 'alpha1', 2026091905)
PLIP_JOB 88 /100 ('zopiclone', 'alpha2', 2026091903)
PLIP_JOB 89 /100 ('zopiclone', 'alpha2', 2026091904)
PLIP_JOB 90 /100 ('zopiclone', 'alpha2', 2026091905)
PLIP_JOB 91 /100 ('zaleplon', 'alpha1', 2026091901)
PLIP_JOB 92 /100 ('zaleplon', 'alpha1', 2026091902)
PLIP_JOB 93 /100 ('zaleplon', 'alpha1', 2026091903)
PLIP_JOB 94 /100 ('zaleplon', 'alpha1', 2026091904)
PLIP_JOB 95 /100 ('zaleplon', 'alpha2', 2026091901)
PLIP_JOB 96 /100 ('zaleplon', 'alpha2', 2026091902)
PLIP_JOB 97 /100 ('zaleplon', 'alpha2', 2026091903)
PLIP_JOB 98 /100 ('zaleplon', 'alpha1', 2026091905)
PLIP_JOB 99 /100 ('zaleplon', 'alpha2', 2026091904)
PLIP_JOB 100 /100 ('zaleplon', 'alpha2', 2026091905)
